         800         891           9         512        3200         891           0
         491          40          39         813         812
         491          39         819         812         818
         494         819         816         818         815
         493         816          38         815         814
         493          38         848         814         847
         507         848          37         847         832
         507          37         838         832         837
         510         838         835         837         834
         509         835          36         834         833
         509          36         869         833         868
         427         869          35         868         715
         427          35         721         715         720
         430         721         718         720         717
         429         718          34         717         716
         429          34         749         716         748
         443         749          33         748         733
         443          33         739         733         738
         446         739         736         738         735
         445         736          32         735         734
         445          32         880         734         879
         363         880          31         879         609
         363          31         615         609         614
         366         615         612         614         611
         365         612          30         611         610
         365          30         643         610         642
         379         643          29         642         627
         379          29         633         627         632
         382         633         630         632         629
         381         630          28         629         628
         381          28         663         628         662
         299         663          27         662         514
         299          27         520         514         519
         302         520         517         519         516
         301         517          26         516         515
         301          26         548         515         547
         315         548          25         547         532
         315          25         538         532         537
         318         538         535         537         534
         317         535          24         534         533
         317          24         891         533         890
         235         891          23         890         397
         235          23         403         397         402
         238         403         400         402         399
         237         400          22         399         398
         237          22         431         398         430
         251         431          21         430         415
         251          21         421         415         420
         254         421         418         420         417
         253         418          20         417         416
         253          20         451         416         450
         171         451          19         450         302
         171          19         308         302         307
         174         308         305         307         304
         173         305          18         304         303
         173          18         336         303         335
         187         336          17         335         320
         187          17         326         320         325
         190         326         323         325         322
         189         323          16         322         321
         189          16         462         321         461
         107         462          15         461         196
         107          15         202         196         201
         110         202         199         201         198
         109         199          14         198         197
         109          14         230         197         229
         123         230          13         229         214
         123          13         220         214         219
         126         220         217         219         216
         125         217          12         216         215
         125          12         250         215         249
          43         250          11         249          96
          43          11         102          96         101
          46         102          99         101          98
          45          99          10          98          97
          45          10         134          97         133
          59         134           9         133         116
          59           9         123         116         122
          62         123         120         122         119
          61         120           8         119         118
          61           8           7         118         117
         489         813         812           6         811
         490         812         818         811         817
         495         818         815         817         825
         494         815         814         825         824
         492         814         847         824         846
         505         847         832         846         831
         506         832         837         831         836
         511         837         834         836         843
         510         834         833         843         842
         508         833         868         842         867
         425         868         715         867         714
         426         715         720         714         719
         431         720         717         719         726
         430         717         716         726         725
         428         716         748         725         747
         441         748         733         747         732
         442         733         738         732         737
         447         738         735         737         744
         446         735         734         744         743
         444         734         879         743         878
         361         879         609         878         608
         362         609         614         608         613
         367         614         611         613         620
         366         611         610         620         619
         364         610         642         619         641
         377         642         627         641         626
         378         627         632         626         631
         383         632         629         631         638
         382         629         628         638         637
         380         628         662         637         661
         297         662         514         661         513
         298         514         519         513         518
         303         519         516         518         525
         302         516         515         525         524
         300         515         547         524         546
         313         547         532         546         531
         314         532         537         531         536
         319         537         534         536         543
         318         534         533         543         542
         316         533         890         542         889
         233         890         397         889         396
         234         397         402         396         401
         239         402         399         401         408
         238         399         398         408         407
         236         398         430         407         429
         249         430         415         429         414
         250         415         420         414         419
         255         420         417         419         426
         254         417         416         426         425
         252         416         450         425         449
         169         450         302         449         301
         170         302         307         301         306
         175         307         304         306         313
         174         304         303         313         312
         172         303         335         312         334
         185         335         320         334         319
         186         320         325         319         324
         191         325         322         324         331
         190         322         321         331         330
         188         321         461         330         460
         105         461         196         460         195
         106         196         201         195         200
         111         201         198         200         207
         110         198         197         207         206
         108         197         229         206         228
         121         229         214         228         213
         122         214         219         213         218
         127         219         216         218         225
         126         216         215         225         224
         124         215         249         224         248
          41         249          96         248          95
          42          96         101          95         100
          47         101          98         100         107
          46          98          97         107         106
          44          97         133         106         132
          57         133         116         132         115
          58         116         122         115         121
          63         122         119         121         129
          62         119         118         129         128
          60         118         117         128         127
         489           6         811         823         822
         488         811         817         822         821
         495         817         825         821         820
         483         825         824         820         807
         483         824         846         807         845
         505         846         831         845         841
         504         831         836         841         840
         511         836         843         840         839
         499         843         842         839         827
         499         842         867         827         866
         425         867         714         866         724
         424         714         719         724         723
         431         719         726         723         722
         419         726         725         722         710
         419         725         747         710         746
         441         747         732         746         742
         440         732         737         742         741
         447         737         744         741         740
         435         744         743         740         728
         435         743         878         728         877
         361         878         608         877         618
         360         608         613         618         617
         367         613         620         617         616
         355         620         619         616         604
         355         619         641         604         640
         377         641         626         640         636
         376         626         631         636         635
         383         631         638         635         634
         371         638         637         634         622
         371         637         661         622         660
         297         661         513         660         523
         296         513         518         523         522
         303         518         525         522         521
         291         525         524         521         509
         291         524         546         509         545
         313         546         531         545         541
         312         531         536         541         540
         319         536         543         540         539
         307         543         542         539         527
         307         542         889         527         888
         233         889         396         888         406
         232         396         401         406         405
         239         401         408         405         404
         227         408         407         404         392
         227         407         429         392         428
         249         429         414         428         424
         248         414         419         424         423
         255         419         426         423         422
         243         426         425         422         410
         243         425         449         410         448
         169         449         301         448         311
         168         301         306         311         310
         175         306         313         310         309
         163         313         312         309         297
         163         312         334         297         333
         185         334         319         333         329
         184         319         324         329         328
         191         324         331         328         327
         179         331         330         327         315
         179         330         460         315         459
         105         460         195         459         205
         104         195         200         205         204
         111         200         207         204         203
          99         207         206         203         191
          99         206         228         191         227
         121         228         213         227         223
         120         213         218         223         222
         127         218         225         222         221
         115         225         224         221         209
         115         224         248         209         247
          41         248          95         247         105
          40          95         100         105         104
          47         100         107         104         103
          35         107         106         103          91
          35         106         132          91         131
          57         132         115         131         126
          56         115         121         126         125
          63         121         129         125         124
          51         129         128         124         111
          51         128         127         111         108
         485         823         822           5         809
         487         822         821         809         808
         487         821         820         808         810
         481         820         807         810         806
         482         807         845         806         844
         501         845         841         844         829
         503         841         840         829         828
         503         840         839         828         830
         497         839         827         830         826
         498         827         866         826         865
         421         866         724         865         712
         423         724         723         712         711
         423         723         722         711         713
         417         722         710         713         709
         418         710         746         709         745
         437         746         742         745         730
         439         742         741         730         729
         439         741         740         729         731
         433         740         728         731         727
         434         728         877         727         876
         357         877         618         876         606
         359         618         617         606         605
         359         617         616         605         607
         353         616         604         607         603
         354         604         640         603         639
         373         640         636         639         624
         375         636         635         624         623
         375         635         634         623         625
         369         634         622         625         621
         370         622         660         621         659
         293         660         523         659         511
         295         523         522         511         510
         295         522         521         510         512
         289         521         509         512         508
         290         509         545         508         544
         309         545         541         544         529
         311         541         540         529         528
         311         540         539         528         530
         305         539         527         530         526
         306         527         888         526         887
         229         888         406         887         394
         231         406         405         394         393
         231         405         404         393         395
         225         404         392         395         391
         226         392         428         391         427
         245         428         424         427         412
         247         424         423         412         411
         247         423         422         411         413
         241         422         410         413         409
         242         410         448         409         447
         165         448         311         447         299
         167         311         310         299         298
         167         310         309         298         300
         161         309         297         300         296
         162         297         333         296         332
         181         333         329         332         317
         183         329         328         317         316
         183         328         327         316         318
         177         327         315         318         314
         178         315         459         314         458
         101         459         205         458         193
         103         205         204         193         192
         103         204         203         192         194
          97         203         191         194         190
          98         191         227         190         226
         117         227         223         226         211
         119         223         222         211         210
         119         222         221         210         212
         113         221         209         212         208
         114         209         247         208         246
          37         247         105         246          93
          39         105         104          93          92
          39         104         103          92          94
          33         103          91          94          90
          34          91         131          90         130
          53         131         126         130         113
          55         126         125         113         112
          55         125         124         112         114
          49         124         111         114         110
          50         111         108         110         109
         485           5         809         858         857
         484         809         808         857         856
         486         808         810         856         855
         481         810         806         855         854
         480         806         844         854         853
         501         844         829         853         852
         500         829         828         852         851
         502         828         830         851         850
         497         830         826         850         849
         496         826         865         849         864
         421         865         712         864         758
         420         712         711         758         757
         422         711         713         757         756
         417         713         709         756         755
         416         709         745         755         754
         437         745         730         754         753
         436         730         729         753         752
         438         729         731         752         751
         433         731         727         751         750
         432         727         876         750         875
         357         876         606         875         652
         356         606         605         652         651
         358         605         607         651         650
         353         607         603         650         649
         352         603         639         649         648
         373         639         624         648         647
         372         624         623         647         646
         374         623         625         646         645
         369         625         621         645         644
         368         621         659         644         658
         293         659         511         658         557
         292         511         510         557         556
         294         510         512         556         555
         289         512         508         555         554
         288         508         544         554         553
         309         544         529         553         552
         308         529         528         552         551
         310         528         530         551         550
         305         530         526         550         549
         304         526         887         549         886
         229         887         394         886         440
         228         394         393         440         439
         230         393         395         439         438
         225         395         391         438         437
         224         391         427         437         436
         245         427         412         436         435
         244         412         411         435         434
         246         411         413         434         433
         241         413         409         433         432
         240         409         447         432         446
         165         447         299         446         345
         164         299         298         345         344
         166         298         300         344         343
         161         300         296         343         342
         160         296         332         342         341
         181         332         317         341         340
         180         317         316         340         339
         182         316         318         339         338
         177         318         314         338         337
         176         314         458         337         457
         101         458         193         457         239
         100         193         192         239         238
         102         192         194         238         237
          97         194         190         237         236
          96         190         226         236         235
         117         226         211         235         234
         116         211         210         234         233
         118         210         212         233         232
         113         212         208         232         231
         112         208         246         231         245
          37         246          93         245         144
          36          93          92         144         143
          38          92          94         143         142
          33          94          90         142         141
          32          90         130         141         140
          53         130         113         140         139
          52         113         112         139         138
          54         112         114         138         137
          49         114         110         137         136
          48         110         109         136         135
         459         858         857         770         769
         459         857         856         769         774
         462         856         855         774         772
         461         855         854         772         771
         461         854         853         771         805
         475         853         852         805         791
         475         852         851         791         795
         478         851         850         795         793
         477         850         849         793         792
         477         849         864         792         863
         395         864         758         863         674
         395         758         757         674         678
         398         757         756         678         676
         397         756         755         676         675
         397         755         754         675         708
         411         754         753         708         694
         411         753         752         694         698
         414         752         751         698         696
         413         751         750         696         695
         413         750         875         695         874
         331         875         652         874         568
         331         652         651         568         572
         334         651         650         572         570
         333         650         649         570         569
         333         649         648         569         602
         347         648         647         602         588
         347         647         646         588         592
         350         646         645         592         590
         349         645         644         590         589
         349         644         658         589         657
         267         658         557         657         473
         267         557         556         473         477
         270         556         555         477         475
         269         555         554         475         474
         269         554         553         474         507
         283         553         552         507         493
         283         552         551         493         497
         286         551         550         497         495
         285         550         549         495         494
         285         549         886         494         885
         203         886         440         885         356
         203         440         439         356         360
         206         439         438         360         358
         205         438         437         358         357
         205         437         436         357         390
         219         436         435         390         376
         219         435         434         376         380
         222         434         433         380         378
         221         433         432         378         377
         221         432         446         377         445
         139         446         345         445         261
         139         345         344         261         265
         142         344         343         265         263
         141         343         342         263         262
         141         342         341         262         295
         155         341         340         295         281
         155         340         339         281         285
         158         339         338         285         283
         157         338         337         283         282
         157         337         457         282         456
          75         457         239         456         155
          75         239         238         155         159
          78         238         237         159         157
          77         237         236         157         156
          77         236         235         156         189
          91         235         234         189         175
          91         234         233         175         179
          94         233         232         179         177
          93         232         231         177         176
          93         231         245         176         244
          11         245         144         244          51
          11         144         143          51          55
          14         143         142          55          53
          13         142         141          53          52
          13         141         140          52          89
          27         140         139          89          73
          27         139         138          73          78
          30         138         137          78          76
          29         137         136          76          75
          29         136         135          75          74
         457         770         769           4         768
         458         769         774         768         773
         463         774         772         773         780
         462         772         771         780         779
         460         771         805         779         804
         473         805         791         804         790
         474         791         795         790         794
         479         795         793         794         800
         478         793         792         800         799
         476         792         863         799         862
         393         863         674         862         673
         394         674         678         673         677
         399         678         676         677         683
         398         676         675         683         682
         396         675         708         682         707
         409         708         694         707         693
         410         694         698         693         697
         415         698         696         697         703
         414         696         695         703         702
         412         695         874         702         873
         329         874         568         873         567
         330         568         572         567         571
         335         572         570         571         577
         334         570         569         577         576
         332         569         602         576         601
         345         602         588         601         587
         346         588         592         587         591
         351         592         590         591         597
         350         590         589         597         596
         348         589         657         596         656
         265         657         473         656         472
         266         473         477         472         476
         271         477         475         476         482
         270         475         474         482         481
         268         474         507         481         506
         281         507         493         506         492
         282         493         497         492         496
         287         497         495         496         502
         286         495         494         502         501
         284         494         885         501         884
         201         885         356         884         355
         202         356         360         355         359
         207         360         358         359         365
         206         358         357         365         364
         204         357         390         364         389
         217         390         376         389         375
         218         376         380         375         379
         223         380         378         379         385
         222         378         377         385         384
         220         377         445         384         444
         137         445         261         444         260
         138         261         265         260         264
         143         265         263         264         270
         142         263         262         270         269
         140         262         295         269         294
         153         295         281         294         280
         154         281         285         280         284
         159         285         283         284         290
         158         283         282         290         289
         156         282         456         289         455
          73         456         155         455         154
          74         155         159         154         158
          79         159         157         158         164
          78         157         156         164         163
          76         156         189         163         188
          89         189         175         188         174
          90         175         179         174         178
          95         179         177         178         184
          94         177         176         184         183
          92         176         244         183         243
           9         244          51         243          50
          10          51          55          50          54
          15          55          53          54          60
          14          53          52          60          59
          12          52          89          59          88
          25          89          73          88          72
          26          73          78          72          77
          31          78          76          77          84
          30          76          75          84          83
          28          75          74          83          82
         457           4         768         778         777
         456         768         773         777         776
         463         773         780         776         775
         451         780         779         775         761
         451         779         804         761         803
         473         804         790         803         798
         472         790         794         798         797
         479         794         800         797         796
         467         800         799         796         783
         467         799         862         783         861
         393         862         673         861         681
         392         673         677         681         680
         399         677         683         680         679
         387         683         682         679         666
         387         682         707         666         706
         409         707         693         706         701
         408         693         697         701         700
         415         697         703         700         699
         403         703         702         699         686
         403         702         873         686         872
         329         873         567         872         575
         328         567         571         575         574
         335         571         577         574         573
         323         577         576         573         560
         323         576         601         560         600
         345         601         587         600         595
         344         587         591         595         594
         351         591         597         594         593
         339         597         596         593         580
         339         596         656         580         655
         265         656         472         655         480
         264         472         476         480         479
         271         476         482         479         478
         259         482         481         478         465
         259         481         506         465         505
         281         506         492         505         500
         280         492         496         500         499
         287         496         502         499         498
         275         502         501         498         485
         275         501         884         485         883
         201         884         355         883         363
         200         355         359         363         362
         207         359         365         362         361
         195         365         364         361         348
         195         364         389         348         388
         217         389         375         388         383
         216         375         379         383         382
         223         379         385         382         381
         211         385         384         381         368
         211         384         444         368         443
         137         444         260         443         268
         136         260         264         268         267
         143         264         270         267         266
         131         270         269         266         253
         131         269         294         253         293
         153         294         280         293         288
         152         280         284         288         287
         159         284         290         287         286
         147         290         289         286         273
         147         289         455         273         454
          73         455         154         454         162
          72         154         158         162         161
          79         158         164         161         160
          67         164         163         160         147
          67         163         188         147         187
          89         188         174         187         182
          88         174         178         182         181
          95         178         184         181         180
          83         184         183         180         167
          83         183         243         167         242
           9         243          50         242          58
           8          50          54          58          57
          15          54          60          57          56
           3          60          59          56          43
           3          59          88          43          87
          25          88          72          87          81
          24          72          77          81          80
          31          77          84          80          79
          19          84          83          79          65
          19          83          82          65          62
         453         778         777           3         765
         455         777         776         765         764
         455         776         775         764         767
         449         775         761         767         760
         450         761         803         760         802
         469         803         798         802         787
         471         798         797         787         786
         471         797         796         786         789
         465         796         783         789         782
         466         783         861         782         860
         389         861         681         860         670
         391         681         680         670         669
         391         680         679         669         672
         385         679         666         672         665
         386         666         706         665         705
         405         706         701         705         690
         407         701         700         690         689
         407         700         699         689         692
         401         699         686         692         685
         402         686         872         685         871
         325         872         575         871         564
         327         575         574         564         563
         327         574         573         563         566
         321         573         560         566         559
         322         560         600         559         599
         341         600         595         599         584
         343         595         594         584         583
         343         594         593         583         586
         337         593         580         586         579
         338         580         655         579         654
         261         655         480         654         469
         263         480         479         469         468
         263         479         478         468         471
         257         478         465         471         464
         258         465         505         464         504
         277         505         500         504         489
         279         500         499         489         488
         279         499         498         488         491
         273         498         485         491         484
         274         485         883         484         882
         197         883         363         882         352
         199         363         362         352         351
         199         362         361         351         354
         193         361         348         354         347
         194         348         388         347         387
         213         388         383         387         372
         215         383         382         372         371
         215         382         381         371         374
         209         381         368         374         367
         210         368         443         367         442
         133         443         268         442         257
         135         268         267         257         256
         135         267         266         256         259
         129         266         253         259         252
         130         253         293         252         292
         149         293         288         292         277
         151         288         287         277         276
         151         287         286         276         279
         145         286         273         279         272
         146         273         454         272         453
          69         454         162         453         151
          71         162         161         151         150
          71         161         160         150         153
          65         160         147         153         146
          66         147         187         146         186
          85         187         182         186         171
          87         182         181         171         170
          87         181         180         170         173
          81         180         167         173         166
          82         167         242         166         241
           5         242          58         241          47
           7          58          57          47          46
           7          57          56          46          49
           1          56          43          49          42
           2          43          87          42          86
          21          87          81          86          69
          23          81          80          69          68
          23          80          79          68          71
          17          79          65          71          64
          18          65          62          64          63
         453           3         765           2         762
         452         765         764         762         763
         454         764         767         763         766
         449         767         760         766         759
         448         760         802         759         801
         469         802         787         801         784
         468         787         786         784         785
         470         786         789         785         788
         465         789         782         788         781
         464         782         860         781         859
         389         860         670         859         667
         388         670         669         667         668
         390         669         672         668         671
         385         672         665         671         664
         384         665         705         664         704
         405         705         690         704         687
         404         690         689         687         688
         406         689         692         688         691
         401         692         685         691         684
         400         685         871         684         870
         325         871         564         870         561
         324         564         563         561         562
         326         563         566         562         565
         321         566         559         565         558
         320         559         599         558         598
         341         599         584         598         581
         340         584         583         581         582
         342         583         586         582         585
         337         586         579         585         578
         336         579         654         578         653
         261         654         469         653         466
         260         469         468         466         467
         262         468         471         467         470
         257         471         464         470         463
         256         464         504         463         503
         277         504         489         503         486
         276         489         488         486         487
         278         488         491         487         490
         273         491         484         490         483
         272         484         882         483         881
         197         882         352         881         349
         196         352         351         349         350
         198         351         354         350         353
         193         354         347         353         346
         192         347         387         346         386
         213         387         372         386         369
         212         372         371         369         370
         214         371         374         370         373
         209         374         367         373         366
         208         367         442         366         441
         133         442         257         441         254
         132         257         256         254         255
         134         256         259         255         258
         129         259         252         258         251
         128         252         292         251         291
         149         292         277         291         274
         148         277         276         274         275
         150         276         279         275         278
         145         279         272         278         271
         144         272         453         271         452
          69         453         151         452         148
          68         151         150         148         149
          70         150         153         149         152
          65         153         146         152         145
          64         146         186         145         185
          85         186         171         185         168
          84         171         170         168         169
          86         170         173         169         172
          81         173         166         172         165
          80         166         241         165         240
           5         241          47         240          44
           4          47          46          44          45
           6          46          49          45          48
           1          49          42          48          41
           0          42          86          41          85
          21          86          69          85          66
          20          69          68          66          67
          22          68          71          67          70
          17          71          64          70          61
          16          64          63          61           1
